<html>
<body>
<pre>
<h1>µVision Build Log</h1>
<h2>Tool Versions:</h2>
IDE-Version: µVision V5.29.0.0
Copyright (C) 2019 ARM Ltd and ARM Germany GmbH. All rights reserved.
License Information: admin admin, admin, LIC=47GU5-GQWZV-CXLU6-D22K1-CDLAK-7AKB9
 
Tool Versions:
Toolchain:       MDK-ARM Plus  Version: 5.29.0.0
Toolchain Path:  C:\Keil_v5\ARM\ARMCC\Bin
C Compiler:      Armcc.exe V5.06 update 6 (build 750)
Assembler:       Armasm.exe V5.06 update 6 (build 750)
Linker/Locator:  ArmLink.exe V5.06 update 6 (build 750)
Library Manager: ArmAr.exe V5.06 update 6 (build 750)
Hex Converter:   FromElf.exe V5.06 update 6 (build 750)
CPU DLL:         SARMCM3.DLL V5.29.0.0
Dialog DLL:      DCM.DLL V1.17.3.0
Target DLL:      STLink\ST-LINKIII-KEIL_SWO.dll V3.0.7.0
Dialog DLL:      TCM.DLL V1.36.5.0
 
<h2>Project:</h2>
E:\RTOS\OLED_2\MDK-ARM\OLED_2.uvprojx
Project File Date:  10/10/2025

<h2>Output:</h2>
*** Using Compiler 'V5.06 update 6 (build 750)', folder: 'C:\Keil_v5\ARM\ARMCC\Bin'
Rebuild target 'OLED_2'
assembling startup_stm32l151xb.s...
compiling stm32l1xx_it.c...
compiling gpio.c...
compiling stm32l1xx_hal_timebase_tim.c...
compiling stm32l1xx_hal_msp.c...
compiling stm32l1xx_hal.c...
compiling i2c.c...
compiling stm32l1xx_hal_tim_ex.c...
compiling stm32l1xx_hal_rcc.c...
compiling main.c...
../Drivers/OLED/ssd1306.h(219): warning:  #1295-D: Deprecated declaration ssd1306_GetDisplayOn - give arg types
  uint8_t ssd1306_GetDisplayOn();
../Core/Src/main.c(352): warning:  #223-D: function "rand" declared implicitly
          pipes[i].gap_height = 20 + rand() % 12;
../Core/Src/main.c(378): warning:  #223-D: function "strlen" declared implicitly
      int title_x = (128 - strlen(title) * 7) / 2;
../Core/Src/main.c(406): warning:  #223-D: function "snprintf" declared implicitly
              if (game_difficulty == DIFFICULTY_EASY) snprintf(buf, sizeof(buf), "EASY");
../Core/Src/main.c(407): warning:  #223-D: function "snprintf" declared implicitly
              else if (game_difficulty == DIFFICULTY_MEDIUM) snprintf(buf, sizeof(buf), "MEDIUM");
../Core/Src/main.c(408): warning:  #223-D: function "snprintf" declared implicitly
              else snprintf(buf, sizeof(buf), "HARD");
../Core/Src/main.c(412): warning:  #223-D: function "snprintf" declared implicitly
              if (selected_gravity == GRAVITY_MARS) snprintf(buf, sizeof(buf), "MARS");
../Core/Src/main.c(413): warning:  #223-D: function "snprintf" declared implicitly
              else if (selected_gravity == GRAVITY_EARTH) snprintf(buf, sizeof(buf), "EARTH");
../Core/Src/main.c(414): warning:  #223-D: function "snprintf" declared implicitly
              else snprintf(buf, sizeof(buf), "JUPITER");
../Core/Src/main.c(442): warning:  #223-D: function "strlen" declared implicitly
      int title_len = strlen(title);
../Core/Src/main.c(547): warning:  #223-D: function "sprintf" declared implicitly
      sprintf(buf, "%d", score);
../Core/Src/main.c(548): warning:  #223-D: function "strlen" declared implicitly
      int text_width = strlen(buf) * 7;
../Core/Src/main.c(571): warning:  #223-D: function "sprintf" declared implicitly
  				sprintf(cup_text, "x%d", cups);
../Core/Src/main.c(578): warning:  #223-D: function "strlen" declared implicitly
  				int text_width = strlen(buf) * 7;  
../Core/Src/main.c(605): warning:  #223-D: function "strlen" declared implicitly
  				int text_width = strlen(HOME_ITEMS[idx]) * 6;  
../Core/Src/main.c(656): warning:  #223-D: function "sprintf" declared implicitly
              sprintf(line, "%d. %d (%s) ", i + 1, history[i].score, diffName);
../Core/Src/main.c(672): warning:  #223-D: function "sprintf" declared implicitly
      sprintf(cup_text, "Cups: %d", cups);
../Core/Src/main.c(679): warning:  #177-D: variable "cx"  was declared but never referenced
          int cx = x + 8;
../Core/Src/main.c(680): warning:  #177-D: variable "cy"  was declared but never referenced
          int cy = y + 8;
../Core/Src/main.c(691): warning:  #177-D: variable "bird_color"  was declared but never referenced
          SSD1306_COLOR bird_color = (i == selected_bird) ? Black : White;
../Core/Src/main.c(716): warning:  #223-D: function "strlen" declared implicitly
      int title_len = strlen(title);
../Core/Src/main.c(724): warning:  #223-D: function "sprintf" declared implicitly
          sprintf(buf, "Rank %d. %d pts", i + 1, high_scores[i]);
../Core/Src/main.c(752): warning:  #223-D: function "rand" declared implicitly
          pipes[i].gap_y = 10 + rand() % (SCREEN_HEIGHT - 32);
../Core/Src/main.c(758): warning:  #69-D: integer conversion resulted in truncation
          pipes[i].x = SCREEN_WIDTH + 200;
../Core/Src/main.c(837): warning:  #223-D: function "rand" declared implicitly
          nopipe_gap_y = 10 + rand() % (SCREEN_HEIGHT - nopipe_gap_height - 10);
../Core/Src/main.c(851): warning:  #223-D: function "rand" declared implicitly
  				pipes[i].gap_height = base_gap + rand() % random_range;
../Core/Src/main.c(983): warning:  #188-D: enumerated type mixed with another type
              game_difficulty = selected_option;
../Core/Src/main.c(990): warning:  #188-D: enumerated type mixed with another type
              selected_gravity = selected_option;
../Core/Src/main.c: 28 warnings, 0 errors
compiling stm32l1xx_hal_tim.c...
compiling stm32l1xx_hal_i2c.c...
compiling stm32l1xx_hal_flash_ramfunc.c...
compiling stm32l1xx_hal_flash_ex.c...
compiling stm32l1xx_hal_gpio.c...
compiling stm32l1xx_hal_pwr_ex.c...
compiling stm32l1xx_hal_exti.c...
compiling stm32l1xx_hal_rcc_ex.c...
compiling stm32l1xx_hal_pwr.c...
compiling stm32l1xx_hal_flash.c...
compiling stm32l1xx_hal_cortex.c...
compiling soft_i2c.c...
compiling stm32l1xx_hal_dma.c...
compiling ssd1306_fonts.c...
..\Drivers\OLED\ssd1306.h(219): warning:  #1295-D: Deprecated declaration ssd1306_GetDisplayOn - give arg types
  uint8_t ssd1306_GetDisplayOn();
..\Drivers\OLED\ssd1306_fonts.c: 1 warning, 0 errors
compiling system_stm32l1xx.c...
compiling ssd1306_tests.c...
..\Drivers\OLED\ssd1306.h(219): warning:  #1295-D: Deprecated declaration ssd1306_GetDisplayOn - give arg types
  uint8_t ssd1306_GetDisplayOn();
..\Drivers\OLED\ssd1306_tests.c: 1 warning, 0 errors
compiling ssd1306.c...
..\Drivers\OLED\ssd1306.h(219): warning:  #1295-D: Deprecated declaration ssd1306_GetDisplayOn - give arg types
  uint8_t ssd1306_GetDisplayOn();
..\Drivers\OLED\ssd1306.c: 1 warning, 0 errors
linking...
Program Size: Code=12432 RO-data=8180 RW-data=112 ZI-data=3032  
FromELF: creating hex file...
"OLED_2\OLED_2.axf" - 0 Error(s), 31 Warning(s).

<h2>Software Packages used:</h2>

Package Vendor: ARM
                http://www.keil.com/pack/ARM.CMSIS.5.6.0.pack
                ARM.CMSIS.5.6.0
                CMSIS (Cortex Microcontroller Software Interface Standard)
   * Component: CORE Version: 5.3.0

Package Vendor: Keil
                https://www.keil.com/pack/Keil.STM32L1xx_DFP.2.0.0.pack
                Keil.STM32L1xx_DFP.2.0.0
                STMicroelectronics STM32L1 Series Device Support

<h2>Collection of Component include folders:</h2>
  .\RTE\_OLED_2
  C:\Users\Lenovo\AppData\Local\Arm\Packs\ARM\CMSIS\5.6.0\CMSIS\Core\Include

<h2>Collection of Component Files used:</h2>

   * Component: ARM::CMSIS:CORE:5.3.0
Build Time Elapsed:  00:00:04
</pre>
</body>
</html>
