<html>
<body>
<pre>
<h1>µVision Build Log</h1>
<h2>Tool Versions:</h2>
IDE-Version: µVision V5.29.0.0
Copyright (C) 2019 ARM Ltd and ARM Germany GmbH. All rights reserved.
License Information: admin admin, admin, LIC=47GU5-GQWZV-CXLU6-D22K1-CDLAK-7AKB9
 
Tool Versions:
Toolchain:       MDK-ARM Plus  Version: 5.29.0.0
Toolchain Path:  C:\Keil_v5\ARM\ARMCC\Bin
C Compiler:      Armcc.exe V5.06 update 6 (build 750)
Assembler:       Armasm.exe V5.06 update 6 (build 750)
Linker/Locator:  ArmLink.exe V5.06 update 6 (build 750)
Library Manager: ArmAr.exe V5.06 update 6 (build 750)
Hex Converter:   FromElf.exe V5.06 update 6 (build 750)
CPU DLL:         SARMCM3.DLL V5.29.0.0
Dialog DLL:      DCM.DLL V1.17.3.0
Target DLL:      STLink\ST-LINKIII-KEIL_SWO.dll V3.0.7.0
Dialog DLL:      TCM.DLL V1.36.5.0
 
<h2>Project:</h2>
E:\RTOS\OLED_2\MDK-ARM\OLED_2.uvprojx
Project File Date:  12/16/2025

<h2>Output:</h2>
*** Using Compiler 'V5.06 update 6 (build 750)', folder: 'C:\Keil_v5\ARM\ARMCC\Bin'
Rebuild target 'OLED_2'
assembling startup_stm32l151xb.s...
compiling ring_buffer.c...
compiling buzzer.c...
compiling button_handle.c...
compiling stm32l1xx_it.c...
compiling i2c.c...
compiling stm32l1xx_hal_msp.c...
compiling stm32l1xx_hal_timebase_tim.c...
compiling led_handle.c...
compiling gpio.c...
compiling draw_game.c...
compiling main.c...
compiling game.c...
compiling stm32l1xx_hal_rcc_ex.c...
compiling stm32l1xx_hal.c...
compiling AO_render.c...
compiling AO_signal.c...
compiling stm32l1xx_hal_tim_ex.c...
compiling signal_handle.c...
compiling AO_game.c...
compiling stm32l1xx_hal_rcc.c...
compiling stm32l1xx_hal_flash.c...
compiling stm32l1xx_hal_tim.c...
compiling stm32l1xx_hal_i2c.c...
compiling stm32l1xx_hal_pwr_ex.c...
compiling stm32l1xx_hal_flash_ex.c...
compiling stm32l1xx_hal_flash_ramfunc.c...
compiling stm32l1xx_hal_dma.c...
compiling stm32l1xx_hal_gpio.c...
compiling stm32l1xx_hal_exti.c...
compiling stm32l1xx_hal_pwr.c...
compiling stm32l1xx_hal_cortex.c...
compiling soft_i2c.c...
compiling ssd1306.c...
compiling ssd1306_fonts.c...
compiling system_stm32l1xx.c...
compiling ssd1306_tests.c...
linking...
Program Size: Code=13038 RO-data=8182 RW-data=100 ZI-data=3060  
FromELF: creating hex file...
"OLED_2\OLED_2.axf" - 0 Error(s), 0 Warning(s).

<h2>Software Packages used:</h2>

Package Vendor: ARM
                http://www.keil.com/pack/ARM.CMSIS.5.6.0.pack
                ARM.CMSIS.5.6.0
                CMSIS (Cortex Microcontroller Software Interface Standard)
   * Component: CORE Version: 5.3.0

Package Vendor: Keil
                https://www.keil.com/pack/Keil.STM32L1xx_DFP.2.0.0.pack
                Keil.STM32L1xx_DFP.2.0.0
                STMicroelectronics STM32L1 Series Device Support

<h2>Collection of Component include folders:</h2>
  .\RTE\_OLED_2
  C:\Users\Lenovo\AppData\Local\Arm\Packs\ARM\CMSIS\5.6.0\CMSIS\Core\Include

<h2>Collection of Component Files used:</h2>

   * Component: ARM::CMSIS:CORE:5.3.0
Build Time Elapsed:  00:00:07
</pre>
</body>
</html>
